Archive member included to satisfy reference by file (symbol)

c:/program files (x86)/atmel/studio/7.0/toolchain/avr8/avr8-gnu-toolchain/bin/../lib/gcc/avr/5.4.0/avr5\libgcc.a(_udivmodhi4.o)
                              main.o (__udivmodhi4)
c:/program files (x86)/atmel/studio/7.0/toolchain/avr8/avr8-gnu-toolchain/bin/../lib/gcc/avr/5.4.0/avr5\libgcc.a(_divmodhi4.o)
                              main.o (__divmodhi4)
c:/program files (x86)/atmel/studio/7.0/toolchain/avr8/avr8-gnu-toolchain/bin/../lib/gcc/avr/5.4.0/avr5\libgcc.a(_exit.o)
                              C:/Program Files (x86)/Atmel/Studio/7.0/Packs/atmel/ATmega_DFP/1.7.374/gcc/dev/atmega32a/avr5/crtatmega32a.o (exit)
c:/program files (x86)/atmel/studio/7.0/toolchain/avr8/avr8-gnu-toolchain/bin/../lib/gcc/avr/5.4.0/avr5\libgcc.a(_copy_data.o)
                              FreeRTOS/Source/tasks.o (__do_copy_data)
c:/program files (x86)/atmel/studio/7.0/toolchain/avr8/avr8-gnu-toolchain/bin/../lib/gcc/avr/5.4.0/avr5\libgcc.a(_clear_bss.o)
                              FreeRTOS/Source/croutine.o (__do_clear_bss)
c:/program files (x86)/atmel/studio/7.0/toolchain/avr8/avr8-gnu-toolchain/bin/../lib/gcc/avr/5.4.0/../../../../avr/lib/avr5\libc.a(memcpy.o)
                              FreeRTOS/Source/queue.o (memcpy)

Allocating common symbols
Common symbol       size              file

speedSemaphore      0x2               main.o

Discarded input sections

 .data          0x00000000        0x0 C:/Program Files (x86)/Atmel/Studio/7.0/Packs/atmel/ATmega_DFP/1.7.374/gcc/dev/atmega32a/avr5/crtatmega32a.o
 .bss           0x00000000        0x0 C:/Program Files (x86)/Atmel/Studio/7.0/Packs/atmel/ATmega_DFP/1.7.374/gcc/dev/atmega32a/avr5/crtatmega32a.o
 .text          0x00000000        0x0 FreeRTOS/Source/croutine.o
 .data          0x00000000        0x0 FreeRTOS/Source/croutine.o
 .bss           0x00000000        0x0 FreeRTOS/Source/croutine.o
 .text.prvInitialiseCoRoutineLists
                0x00000000       0x5e FreeRTOS/Source/croutine.o
 .text.xCoRoutineCreate
                0x00000000       0xba FreeRTOS/Source/croutine.o
 .text.vCoRoutineAddToDelayedList
                0x00000000       0x86 FreeRTOS/Source/croutine.o
 .text.xCoRoutineRemoveFromEventList
                0x00000000       0x4c FreeRTOS/Source/croutine.o
 .bss.xDelayedCoRoutineList2
                0x00000000        0x9 FreeRTOS/Source/croutine.o
 .bss.xDelayedCoRoutineList1
                0x00000000        0x9 FreeRTOS/Source/croutine.o
 .text          0x00000000        0x0 FreeRTOS/Source/event_groups.o
 .data          0x00000000        0x0 FreeRTOS/Source/event_groups.o
 .bss           0x00000000        0x0 FreeRTOS/Source/event_groups.o
 .text.prvTestWaitCondition
                0x00000000       0x26 FreeRTOS/Source/event_groups.o
 .text.xEventGroupCreate
                0x00000000       0x26 FreeRTOS/Source/event_groups.o
 .text.xEventGroupWaitBits
                0x00000000       0xe4 FreeRTOS/Source/event_groups.o
 .text.xEventGroupClearBits
                0x00000000       0x1e FreeRTOS/Source/event_groups.o
 .text.xEventGroupGetBitsFromISR
                0x00000000        0x8 FreeRTOS/Source/event_groups.o
 .text.xEventGroupSetBits
                0x00000000       0xc8 FreeRTOS/Source/event_groups.o
 .text.xEventGroupSync
                0x00000000       0xd6 FreeRTOS/Source/event_groups.o
 .text.vEventGroupDelete
                0x00000000       0x2e FreeRTOS/Source/event_groups.o
 .text.vEventGroupSetBitsCallback
                0x00000000        0x8 FreeRTOS/Source/event_groups.o
 .text.vEventGroupClearBitsCallback
                0x00000000        0x8 FreeRTOS/Source/event_groups.o
 .debug_info    0x00000000      0x8df FreeRTOS/Source/event_groups.o
 .debug_abbrev  0x00000000      0x1dc FreeRTOS/Source/event_groups.o
 .debug_loc     0x00000000      0xb41 FreeRTOS/Source/event_groups.o
 .debug_aranges
                0x00000000       0x68 FreeRTOS/Source/event_groups.o
 .debug_ranges  0x00000000       0x70 FreeRTOS/Source/event_groups.o
 .debug_line    0x00000000      0x44f FreeRTOS/Source/event_groups.o
 .debug_str     0x00000000      0x5bc FreeRTOS/Source/event_groups.o
 .comment       0x00000000       0x31 FreeRTOS/Source/event_groups.o
 .debug_frame   0x00000000      0x15c FreeRTOS/Source/event_groups.o
 .text          0x00000000        0x0 FreeRTOS/Source/list.o
 .data          0x00000000        0x0 FreeRTOS/Source/list.o
 .bss           0x00000000        0x0 FreeRTOS/Source/list.o
 .text          0x00000000        0x0 FreeRTOS/Source/portable/GCC/ATMega323/port.o
 .data          0x00000000        0x0 FreeRTOS/Source/portable/GCC/ATMega323/port.o
 .bss           0x00000000        0x0 FreeRTOS/Source/portable/GCC/ATMega323/port.o
 .text.vPortEndScheduler
                0x00000000        0x2 FreeRTOS/Source/portable/GCC/ATMega323/port.o
 .text.vPortYieldFromTick
                0x00000000       0xb8 FreeRTOS/Source/portable/GCC/ATMega323/port.o
 .text.SIG_OUTPUT_COMPARE1A
                0x00000000        0x6 FreeRTOS/Source/portable/GCC/ATMega323/port.o
 .text          0x00000000        0x0 FreeRTOS/Source/portable/MemMang/heap_4.o
 .data          0x00000000        0x0 FreeRTOS/Source/portable/MemMang/heap_4.o
 .bss           0x00000000        0x0 FreeRTOS/Source/portable/MemMang/heap_4.o
 .text.xPortGetFreeHeapSize
                0x00000000        0xa FreeRTOS/Source/portable/MemMang/heap_4.o
 .text.xPortGetMinimumEverFreeHeapSize
                0x00000000        0xa FreeRTOS/Source/portable/MemMang/heap_4.o
 .text.vPortInitialiseBlocks
                0x00000000        0x2 FreeRTOS/Source/portable/MemMang/heap_4.o
 .text          0x00000000        0x0 FreeRTOS/Source/queue.o
 .data          0x00000000        0x0 FreeRTOS/Source/queue.o
 .bss           0x00000000        0x0 FreeRTOS/Source/queue.o
 .text.prvGetDisinheritPriorityAfterTimeout
                0x00000000       0x20 FreeRTOS/Source/queue.o
 .text.prvIsQueueEmpty
                0x00000000       0x1a FreeRTOS/Source/queue.o
 .text.prvCopyDataFromQueue
                0x00000000       0x34 FreeRTOS/Source/queue.o
 .text.xQueueGenericSendFromISR
                0x00000000       0x74 FreeRTOS/Source/queue.o
 .text.xQueueGiveFromISR
                0x00000000       0x52 FreeRTOS/Source/queue.o
 .text.xQueueReceive
                0x00000000      0x11e FreeRTOS/Source/queue.o
 .text.xQueueSemaphoreTake
                0x00000000      0x162 FreeRTOS/Source/queue.o
 .text.xQueuePeek
                0x00000000      0x122 FreeRTOS/Source/queue.o
 .text.xQueueReceiveFromISR
                0x00000000       0x6e FreeRTOS/Source/queue.o
 .text.xQueuePeekFromISR
                0x00000000       0x2e FreeRTOS/Source/queue.o
 .text.uxQueueMessagesWaiting
                0x00000000       0x10 FreeRTOS/Source/queue.o
 .text.uxQueueSpacesAvailable
                0x00000000       0x16 FreeRTOS/Source/queue.o
 .text.uxQueueMessagesWaitingFromISR
                0x00000000        0x6 FreeRTOS/Source/queue.o
 .text.vQueueDelete
                0x00000000        0x6 FreeRTOS/Source/queue.o
 .text.xQueueIsQueueEmptyFromISR
                0x00000000       0x10 FreeRTOS/Source/queue.o
 .text.xQueueIsQueueFullFromISR
                0x00000000       0x12 FreeRTOS/Source/queue.o
 .text.xQueueCRSend
                0x00000000       0x80 FreeRTOS/Source/queue.o
 .text.xQueueCRReceive
                0x00000000       0x92 FreeRTOS/Source/queue.o
 .text.xQueueCRSendFromISR
                0x00000000       0x4c FreeRTOS/Source/queue.o
 .text.xQueueCRReceiveFromISR
                0x00000000       0x82 FreeRTOS/Source/queue.o
 .text          0x00000000        0x0 FreeRTOS/Source/stream_buffer.o
 .data          0x00000000        0x0 FreeRTOS/Source/stream_buffer.o
 .bss           0x00000000        0x0 FreeRTOS/Source/stream_buffer.o
 .text.prvBytesInBuffer
                0x00000000       0x26 FreeRTOS/Source/stream_buffer.o
 .text.prvInitialiseNewStreamBuffer
                0x00000000       0x20 FreeRTOS/Source/stream_buffer.o
 .text.prvWriteBytesToBuffer
                0x00000000       0x92 FreeRTOS/Source/stream_buffer.o
 .text.prvWriteMessageToBuffer
                0x00000000       0x8a FreeRTOS/Source/stream_buffer.o
 .text.prvReadBytesFromBuffer
                0x00000000       0xa0 FreeRTOS/Source/stream_buffer.o
 .text.prvReadMessageFromBuffer
                0x00000000       0x8c FreeRTOS/Source/stream_buffer.o
 .text.xStreamBufferGenericCreate
                0x00000000       0x5a FreeRTOS/Source/stream_buffer.o
 .text.vStreamBufferDelete
                0x00000000       0x1a FreeRTOS/Source/stream_buffer.o
 .text.xStreamBufferReset
                0x00000000       0x3e FreeRTOS/Source/stream_buffer.o
 .text.xStreamBufferSetTriggerLevel
                0x00000000       0x22 FreeRTOS/Source/stream_buffer.o
 .text.xStreamBufferSpacesAvailable
                0x00000000       0x24 FreeRTOS/Source/stream_buffer.o
 .text.xStreamBufferBytesAvailable
                0x00000000        0x6 FreeRTOS/Source/stream_buffer.o
 .text.xStreamBufferSend
                0x00000000      0x14c FreeRTOS/Source/stream_buffer.o
 .text.xStreamBufferSendFromISR
                0x00000000       0x8c FreeRTOS/Source/stream_buffer.o
 .text.xStreamBufferReceive
                0x00000000       0xf8 FreeRTOS/Source/stream_buffer.o
 .text.xStreamBufferNextMessageLengthBytes
                0x00000000       0x66 FreeRTOS/Source/stream_buffer.o
 .text.xStreamBufferReceiveFromISR
                0x00000000       0x88 FreeRTOS/Source/stream_buffer.o
 .text.xStreamBufferIsEmpty
                0x00000000       0x18 FreeRTOS/Source/stream_buffer.o
 .text.xStreamBufferIsFull
                0x00000000       0x2c FreeRTOS/Source/stream_buffer.o
 .text.xStreamBufferSendCompletedFromISR
                0x00000000       0x46 FreeRTOS/Source/stream_buffer.o
 .text.xStreamBufferReceiveCompletedFromISR
                0x00000000       0x46 FreeRTOS/Source/stream_buffer.o
 .debug_info    0x00000000     0x12df FreeRTOS/Source/stream_buffer.o
 .debug_abbrev  0x00000000      0x22a FreeRTOS/Source/stream_buffer.o
 .debug_loc     0x00000000     0x1c5a FreeRTOS/Source/stream_buffer.o
 .debug_aranges
                0x00000000       0xc0 FreeRTOS/Source/stream_buffer.o
 .debug_ranges  0x00000000       0xb0 FreeRTOS/Source/stream_buffer.o
 .debug_line    0x00000000      0x7b6 FreeRTOS/Source/stream_buffer.o
 .debug_str     0x00000000      0x7d4 FreeRTOS/Source/stream_buffer.o
 .comment       0x00000000       0x31 FreeRTOS/Source/stream_buffer.o
 .debug_frame   0x00000000      0x3e8 FreeRTOS/Source/stream_buffer.o
 .text          0x00000000        0x0 FreeRTOS/Source/tasks.o
 .data          0x00000000        0x0 FreeRTOS/Source/tasks.o
 .bss           0x00000000        0x0 FreeRTOS/Source/tasks.o
 .text.vTaskDelete
                0x00000000       0xa2 FreeRTOS/Source/tasks.o
 .text.vTaskEndScheduler
                0x00000000        0xc FreeRTOS/Source/tasks.o
 .text.xTaskGetTickCountFromISR
                0x00000000        0xa FreeRTOS/Source/tasks.o
 .text.uxTaskGetNumberOfTasks
                0x00000000        0x6 FreeRTOS/Source/tasks.o
 .text.pcTaskGetName
                0x00000000       0x10 FreeRTOS/Source/tasks.o
 .text.vTaskDelayUntil
                0x00000000       0x82 FreeRTOS/Source/tasks.o
 .text.vTaskPlaceOnUnorderedEventList
                0x00000000       0x32 FreeRTOS/Source/tasks.o
 .text.vTaskRemoveFromUnorderedEventList
                0x00000000       0x70 FreeRTOS/Source/tasks.o
 .text.vTaskSetTimeOutState
                0x00000000       0x20 FreeRTOS/Source/tasks.o
 .text.xTaskGetCurrentTaskHandle
                0x00000000        0xa FreeRTOS/Source/tasks.o
 .text.xTaskPriorityInherit
                0x00000000       0xe4 FreeRTOS/Source/tasks.o
 .text.vTaskPriorityDisinheritAfterTimeout
                0x00000000       0xa0 FreeRTOS/Source/tasks.o
 .text.uxTaskResetEventItemValue
                0x00000000       0x2e FreeRTOS/Source/tasks.o
 .text.pvTaskIncrementMutexHeldCount
                0x00000000       0x24 FreeRTOS/Source/tasks.o
 .text.ulTaskNotifyTake
                0x00000000       0xae FreeRTOS/Source/tasks.o
 .text.xTaskNotifyWait
                0x00000000      0x108 FreeRTOS/Source/tasks.o
 .text.xTaskGenericNotify
                0x00000000      0x10a FreeRTOS/Source/tasks.o
 .text.xTaskGenericNotifyFromISR
                0x00000000      0x12e FreeRTOS/Source/tasks.o
 .text.vTaskNotifyGiveFromISR
                0x00000000       0xb4 FreeRTOS/Source/tasks.o
 .text.xTaskNotifyStateClear
                0x00000000       0x28 FreeRTOS/Source/tasks.o
 .text          0x00000000        0x0 FreeRTOS/Source/timers.o
 .data          0x00000000        0x0 FreeRTOS/Source/timers.o
 .bss           0x00000000        0x0 FreeRTOS/Source/timers.o
 .debug_info    0x00000000       0x64 FreeRTOS/Source/timers.o
 .debug_abbrev  0x00000000       0x26 FreeRTOS/Source/timers.o
 .debug_aranges
                0x00000000       0x18 FreeRTOS/Source/timers.o
 .debug_line    0x00000000       0x1a FreeRTOS/Source/timers.o
 .debug_str     0x00000000      0x1a6 FreeRTOS/Source/timers.o
 .comment       0x00000000       0x31 FreeRTOS/Source/timers.o
 .text          0x00000000        0x0 main.o
 .data          0x00000000        0x0 main.o
 .bss           0x00000000        0x0 main.o
 .text          0x00000000        0x0 c:/program files (x86)/atmel/studio/7.0/toolchain/avr8/avr8-gnu-toolchain/bin/../lib/gcc/avr/5.4.0/avr5\libgcc.a(_udivmodhi4.o)
 .data          0x00000000        0x0 c:/program files (x86)/atmel/studio/7.0/toolchain/avr8/avr8-gnu-toolchain/bin/../lib/gcc/avr/5.4.0/avr5\libgcc.a(_udivmodhi4.o)
 .bss           0x00000000        0x0 c:/program files (x86)/atmel/studio/7.0/toolchain/avr8/avr8-gnu-toolchain/bin/../lib/gcc/avr/5.4.0/avr5\libgcc.a(_udivmodhi4.o)
 .text.libgcc.mul
                0x00000000        0x0 c:/program files (x86)/atmel/studio/7.0/toolchain/avr8/avr8-gnu-toolchain/bin/../lib/gcc/avr/5.4.0/avr5\libgcc.a(_udivmodhi4.o)
 .text.libgcc   0x00000000        0x0 c:/program files (x86)/atmel/studio/7.0/toolchain/avr8/avr8-gnu-toolchain/bin/../lib/gcc/avr/5.4.0/avr5\libgcc.a(_udivmodhi4.o)
 .text.libgcc.prologue
                0x00000000        0x0 c:/program files (x86)/atmel/studio/7.0/toolchain/avr8/avr8-gnu-toolchain/bin/../lib/gcc/avr/5.4.0/avr5\libgcc.a(_udivmodhi4.o)
 .text.libgcc.builtins
                0x00000000        0x0 c:/program files (x86)/atmel/studio/7.0/toolchain/avr8/avr8-gnu-toolchain/bin/../lib/gcc/avr/5.4.0/avr5\libgcc.a(_udivmodhi4.o)
 .text.libgcc.fmul
                0x00000000        0x0 c:/program files (x86)/atmel/studio/7.0/toolchain/avr8/avr8-gnu-toolchain/bin/../lib/gcc/avr/5.4.0/avr5\libgcc.a(_udivmodhi4.o)
 .text.libgcc.fixed
                0x00000000        0x0 c:/program files (x86)/atmel/studio/7.0/toolchain/avr8/avr8-gnu-toolchain/bin/../lib/gcc/avr/5.4.0/avr5\libgcc.a(_udivmodhi4.o)
 .text          0x00000000        0x0 c:/program files (x86)/atmel/studio/7.0/toolchain/avr8/avr8-gnu-toolchain/bin/../lib/gcc/avr/5.4.0/avr5\libgcc.a(_divmodhi4.o)
 .data          0x00000000        0x0 c:/program files (x86)/atmel/studio/7.0/toolchain/avr8/avr8-gnu-toolchain/bin/../lib/gcc/avr/5.4.0/avr5\libgcc.a(_divmodhi4.o)
 .bss           0x00000000        0x0 c:/program files (x86)/atmel/studio/7.0/toolchain/avr8/avr8-gnu-toolchain/bin/../lib/gcc/avr/5.4.0/avr5\libgcc.a(_divmodhi4.o)
 .text.libgcc.mul
                0x00000000        0x0 c:/program files (x86)/atmel/studio/7.0/toolchain/avr8/avr8-gnu-toolchain/bin/../lib/gcc/avr/5.4.0/avr5\libgcc.a(_divmodhi4.o)
 .text.libgcc   0x00000000        0x0 c:/program files (x86)/atmel/studio/7.0/toolchain/avr8/avr8-gnu-toolchain/bin/../lib/gcc/avr/5.4.0/avr5\libgcc.a(_divmodhi4.o)
 .text.libgcc.prologue
                0x00000000        0x0 c:/program files (x86)/atmel/studio/7.0/toolchain/avr8/avr8-gnu-toolchain/bin/../lib/gcc/avr/5.4.0/avr5\libgcc.a(_divmodhi4.o)
 .text.libgcc.builtins
                0x00000000        0x0 c:/program files (x86)/atmel/studio/7.0/toolchain/avr8/avr8-gnu-toolchain/bin/../lib/gcc/avr/5.4.0/avr5\libgcc.a(_divmodhi4.o)
 .text.libgcc.fmul
                0x00000000        0x0 c:/program files (x86)/atmel/studio/7.0/toolchain/avr8/avr8-gnu-toolchain/bin/../lib/gcc/avr/5.4.0/avr5\libgcc.a(_divmodhi4.o)
 .text.libgcc.fixed
                0x00000000        0x0 c:/program files (x86)/atmel/studio/7.0/toolchain/avr8/avr8-gnu-toolchain/bin/../lib/gcc/avr/5.4.0/avr5\libgcc.a(_divmodhi4.o)
 .text          0x00000000        0x0 c:/program files (x86)/atmel/studio/7.0/toolchain/avr8/avr8-gnu-toolchain/bin/../lib/gcc/avr/5.4.0/avr5\libgcc.a(_exit.o)
 .data          0x00000000        0x0 c:/program files (x86)/atmel/studio/7.0/toolchain/avr8/avr8-gnu-toolchain/bin/../lib/gcc/avr/5.4.0/avr5\libgcc.a(_exit.o)
 .bss           0x00000000        0x0 c:/program files (x86)/atmel/studio/7.0/toolchain/avr8/avr8-gnu-toolchain/bin/../lib/gcc/avr/5.4.0/avr5\libgcc.a(_exit.o)
 .text.libgcc.mul
                0x00000000        0x0 c:/program files (x86)/atmel/studio/7.0/toolchain/avr8/avr8-gnu-toolchain/bin/../lib/gcc/avr/5.4.0/avr5\libgcc.a(_exit.o)
 .text.libgcc.div
                0x00000000        0x0 c:/program files (x86)/atmel/studio/7.0/toolchain/avr8/avr8-gnu-toolchain/bin/../lib/gcc/avr/5.4.0/avr5\libgcc.a(_exit.o)
 .text.libgcc   0x00000000        0x0 c:/program files (x86)/atmel/studio/7.0/toolchain/avr8/avr8-gnu-toolchain/bin/../lib/gcc/avr/5.4.0/avr5\libgcc.a(_exit.o)
 .text.libgcc.prologue
                0x00000000        0x0 c:/program files (x86)/atmel/studio/7.0/toolchain/avr8/avr8-gnu-toolchain/bin/../lib/gcc/avr/5.4.0/avr5\libgcc.a(_exit.o)
 .text.libgcc.builtins
                0x00000000        0x0 c:/program files (x86)/atmel/studio/7.0/toolchain/avr8/avr8-gnu-toolchain/bin/../lib/gcc/avr/5.4.0/avr5\libgcc.a(_exit.o)
 .text.libgcc.fmul
                0x00000000        0x0 c:/program files (x86)/atmel/studio/7.0/toolchain/avr8/avr8-gnu-toolchain/bin/../lib/gcc/avr/5.4.0/avr5\libgcc.a(_exit.o)
 .text.libgcc.fixed
                0x00000000        0x0 c:/program files (x86)/atmel/studio/7.0/toolchain/avr8/avr8-gnu-toolchain/bin/../lib/gcc/avr/5.4.0/avr5\libgcc.a(_exit.o)
 .text          0x00000000        0x0 c:/program files (x86)/atmel/studio/7.0/toolchain/avr8/avr8-gnu-toolchain/bin/../lib/gcc/avr/5.4.0/avr5\libgcc.a(_copy_data.o)
 .data          0x00000000        0x0 c:/program files (x86)/atmel/studio/7.0/toolchain/avr8/avr8-gnu-toolchain/bin/../lib/gcc/avr/5.4.0/avr5\libgcc.a(_copy_data.o)
 .bss           0x00000000        0x0 c:/program files (x86)/atmel/studio/7.0/toolchain/avr8/avr8-gnu-toolchain/bin/../lib/gcc/avr/5.4.0/avr5\libgcc.a(_copy_data.o)
 .text.libgcc.mul
                0x00000000        0x0 c:/program files (x86)/atmel/studio/7.0/toolchain/avr8/avr8-gnu-toolchain/bin/../lib/gcc/avr/5.4.0/avr5\libgcc.a(_copy_data.o)
 .text.libgcc.div
                0x00000000        0x0 c:/program files (x86)/atmel/studio/7.0/toolchain/avr8/avr8-gnu-toolchain/bin/../lib/gcc/avr/5.4.0/avr5\libgcc.a(_copy_data.o)
 .text.libgcc   0x00000000        0x0 c:/program files (x86)/atmel/studio/7.0/toolchain/avr8/avr8-gnu-toolchain/bin/../lib/gcc/avr/5.4.0/avr5\libgcc.a(_copy_data.o)
 .text.libgcc.prologue
                0x00000000        0x0 c:/program files (x86)/atmel/studio/7.0/toolchain/avr8/avr8-gnu-toolchain/bin/../lib/gcc/avr/5.4.0/avr5\libgcc.a(_copy_data.o)
 .text.libgcc.builtins
                0x00000000        0x0 c:/program files (x86)/atmel/studio/7.0/toolchain/avr8/avr8-gnu-toolchain/bin/../lib/gcc/avr/5.4.0/avr5\libgcc.a(_copy_data.o)
 .text.libgcc.fmul
                0x00000000        0x0 c:/program files (x86)/atmel/studio/7.0/toolchain/avr8/avr8-gnu-toolchain/bin/../lib/gcc/avr/5.4.0/avr5\libgcc.a(_copy_data.o)
 .text.libgcc.fixed
                0x00000000        0x0 c:/program files (x86)/atmel/studio/7.0/toolchain/avr8/avr8-gnu-toolchain/bin/../lib/gcc/avr/5.4.0/avr5\libgcc.a(_copy_data.o)
 .text          0x00000000        0x0 c:/program files (x86)/atmel/studio/7.0/toolchain/avr8/avr8-gnu-toolchain/bin/../lib/gcc/avr/5.4.0/avr5\libgcc.a(_clear_bss.o)
 .data          0x00000000        0x0 c:/program files (x86)/atmel/studio/7.0/toolchain/avr8/avr8-gnu-toolchain/bin/../lib/gcc/avr/5.4.0/avr5\libgcc.a(_clear_bss.o)
 .bss           0x00000000        0x0 c:/program files (x86)/atmel/studio/7.0/toolchain/avr8/avr8-gnu-toolchain/bin/../lib/gcc/avr/5.4.0/avr5\libgcc.a(_clear_bss.o)
 .text.libgcc.mul
                0x00000000        0x0 c:/program files (x86)/atmel/studio/7.0/toolchain/avr8/avr8-gnu-toolchain/bin/../lib/gcc/avr/5.4.0/avr5\libgcc.a(_clear_bss.o)
 .text.libgcc.div
                0x00000000        0x0 c:/program files (x86)/atmel/studio/7.0/toolchain/avr8/avr8-gnu-toolchain/bin/../lib/gcc/avr/5.4.0/avr5\libgcc.a(_clear_bss.o)
 .text.libgcc   0x00000000        0x0 c:/program files (x86)/atmel/studio/7.0/toolchain/avr8/avr8-gnu-toolchain/bin/../lib/gcc/avr/5.4.0/avr5\libgcc.a(_clear_bss.o)
 .text.libgcc.prologue
                0x00000000        0x0 c:/program files (x86)/atmel/studio/7.0/toolchain/avr8/avr8-gnu-toolchain/bin/../lib/gcc/avr/5.4.0/avr5\libgcc.a(_clear_bss.o)
 .text.libgcc.builtins
                0x00000000        0x0 c:/program files (x86)/atmel/studio/7.0/toolchain/avr8/avr8-gnu-toolchain/bin/../lib/gcc/avr/5.4.0/avr5\libgcc.a(_clear_bss.o)
 .text.libgcc.fmul
                0x00000000        0x0 c:/program files (x86)/atmel/studio/7.0/toolchain/avr8/avr8-gnu-toolchain/bin/../lib/gcc/avr/5.4.0/avr5\libgcc.a(_clear_bss.o)
 .text.libgcc.fixed
                0x00000000        0x0 c:/program files (x86)/atmel/studio/7.0/toolchain/avr8/avr8-gnu-toolchain/bin/../lib/gcc/avr/5.4.0/avr5\libgcc.a(_clear_bss.o)
 .text          0x00000000        0x0 c:/program files (x86)/atmel/studio/7.0/toolchain/avr8/avr8-gnu-toolchain/bin/../lib/gcc/avr/5.4.0/../../../../avr/lib/avr5\libc.a(memcpy.o)
 .data          0x00000000        0x0 c:/program files (x86)/atmel/studio/7.0/toolchain/avr8/avr8-gnu-toolchain/bin/../lib/gcc/avr/5.4.0/../../../../avr/lib/avr5\libc.a(memcpy.o)
 .bss           0x00000000        0x0 c:/program files (x86)/atmel/studio/7.0/toolchain/avr8/avr8-gnu-toolchain/bin/../lib/gcc/avr/5.4.0/../../../../avr/lib/avr5\libc.a(memcpy.o)

Memory Configuration

Name             Origin             Length             Attributes
text             0x00000000         0x00008000         xr
data             0x00800060         0x00000800         rw !x
eeprom           0x00810000         0x00000400         rw !x
fuse             0x00820000         0x00000002         rw !x
lock             0x00830000         0x00000400         rw !x
signature        0x00840000         0x00000400         rw !x
user_signatures  0x00850000         0x00000400         rw !x
*default*        0x00000000         0xffffffff

Linker script and memory map

LOAD C:/Program Files (x86)/Atmel/Studio/7.0/Packs/atmel/ATmega_DFP/1.7.374/gcc/dev/atmega32a/avr5/crtatmega32a.o
LOAD FreeRTOS/Source/croutine.o
LOAD FreeRTOS/Source/event_groups.o
LOAD FreeRTOS/Source/list.o
LOAD FreeRTOS/Source/portable/GCC/ATMega323/port.o
LOAD FreeRTOS/Source/portable/MemMang/heap_4.o
LOAD FreeRTOS/Source/queue.o
LOAD FreeRTOS/Source/stream_buffer.o
LOAD FreeRTOS/Source/tasks.o
LOAD FreeRTOS/Source/timers.o
LOAD main.o
START GROUP
LOAD c:/program files (x86)/atmel/studio/7.0/toolchain/avr8/avr8-gnu-toolchain/bin/../lib/gcc/avr/5.4.0/../../../../avr/lib/avr5\libm.a
END GROUP
START GROUP
LOAD c:/program files (x86)/atmel/studio/7.0/toolchain/avr8/avr8-gnu-toolchain/bin/../lib/gcc/avr/5.4.0/avr5\libgcc.a
LOAD c:/program files (x86)/atmel/studio/7.0/toolchain/avr8/avr8-gnu-toolchain/bin/../lib/gcc/avr/5.4.0/../../../../avr/lib/avr5\libm.a
LOAD c:/program files (x86)/atmel/studio/7.0/toolchain/avr8/avr8-gnu-toolchain/bin/../lib/gcc/avr/5.4.0/../../../../avr/lib/avr5\libc.a
LOAD C:/Program Files (x86)/Atmel/Studio/7.0/Packs/atmel/ATmega_DFP/1.7.374/gcc/dev/atmega32a/avr5\libatmega32a.a
END GROUP
                [0x00000000]                __TEXT_REGION_ORIGIN__ = DEFINED (__TEXT_REGION_ORIGIN__)?__TEXT_REGION_ORIGIN__:0x0
                [0x00800060]                __DATA_REGION_ORIGIN__ = DEFINED (__DATA_REGION_ORIGIN__)?__DATA_REGION_ORIGIN__:0x800060
                [0x00008000]                __TEXT_REGION_LENGTH__ = DEFINED (__TEXT_REGION_LENGTH__)?__TEXT_REGION_LENGTH__:0x20000
                [0x00000800]                __DATA_REGION_LENGTH__ = DEFINED (__DATA_REGION_LENGTH__)?__DATA_REGION_LENGTH__:0xffa0
                [0x00000400]                __EEPROM_REGION_LENGTH__ = DEFINED (__EEPROM_REGION_LENGTH__)?__EEPROM_REGION_LENGTH__:0x10000
                [0x00000002]                __FUSE_REGION_LENGTH__ = DEFINED (__FUSE_REGION_LENGTH__)?__FUSE_REGION_LENGTH__:0x400
                0x00000400                __LOCK_REGION_LENGTH__ = DEFINED (__LOCK_REGION_LENGTH__)?__LOCK_REGION_LENGTH__:0x400
                0x00000400                __SIGNATURE_REGION_LENGTH__ = DEFINED (__SIGNATURE_REGION_LENGTH__)?__SIGNATURE_REGION_LENGTH__:0x400
                0x00000400                __USER_SIGNATURE_REGION_LENGTH__ = DEFINED (__USER_SIGNATURE_REGION_LENGTH__)?__USER_SIGNATURE_REGION_LENGTH__:0x400

.hash
 *(.hash)

.dynsym
 *(.dynsym)

.dynstr
 *(.dynstr)

.gnu.version
 *(.gnu.version)

.gnu.version_d
 *(.gnu.version_d)

.gnu.version_r
 *(.gnu.version_r)

.rel.init
 *(.rel.init)

.rela.init
 *(.rela.init)

.rel.text
 *(.rel.text)
 *(.rel.text.*)
 *(.rel.gnu.linkonce.t*)

.rela.text
 *(.rela.text)
 *(.rela.text.*)
 *(.rela.gnu.linkonce.t*)

.rel.fini
 *(.rel.fini)

.rela.fini
 *(.rela.fini)

.rel.rodata
 *(.rel.rodata)
 *(.rel.rodata.*)
 *(.rel.gnu.linkonce.r*)

.rela.rodata
 *(.rela.rodata)
 *(.rela.rodata.*)
 *(.rela.gnu.linkonce.r*)

.rel.data
 *(.rel.data)
 *(.rel.data.*)
 *(.rel.gnu.linkonce.d*)

.rela.data
 *(.rela.data)
 *(.rela.data.*)
 *(.rela.gnu.linkonce.d*)

.rel.ctors
 *(.rel.ctors)

.rela.ctors
 *(.rela.ctors)

.rel.dtors
 *(.rel.dtors)

.rela.dtors
 *(.rela.dtors)

.rel.got
 *(.rel.got)

.rela.got
 *(.rela.got)

.rel.bss
 *(.rel.bss)

.rela.bss
 *(.rela.bss)

.rel.plt
 *(.rel.plt)

.rela.plt
 *(.rela.plt)

.text           0x00000000     0x164c
 *(.vectors)
 .vectors       0x00000000       0x54 C:/Program Files (x86)/Atmel/Studio/7.0/Packs/atmel/ATmega_DFP/1.7.374/gcc/dev/atmega32a/avr5/crtatmega32a.o
                0x00000000                __vector_default
                0x00000000                __vectors
 *(.vectors)
 *(.progmem.gcc*)
                0x00000054                . = ALIGN (0x2)
                0x00000054                __trampolines_start = .
 *(.trampolines)
 .trampolines   0x00000054        0x0 linker stubs
 *(.trampolines*)
                0x00000054                __trampolines_end = .
 *libprintf_flt.a:*(.progmem.data)
 *libc.a:*(.progmem.data)
 *(.progmem*)
                0x00000054                . = ALIGN (0x2)
 *(.jumptables)
 *(.jumptables*)
 *(.lowtext)
 *(.lowtext*)
                0x00000054                __ctors_start = .
 *(.ctors)
                0x00000054                __ctors_end = .
                0x00000054                __dtors_start = .
 *(.dtors)
                0x00000054                __dtors_end = .
 SORT(*)(.ctors)
 SORT(*)(.dtors)
 *(.init0)
 .init0         0x00000054        0x0 C:/Program Files (x86)/Atmel/Studio/7.0/Packs/atmel/ATmega_DFP/1.7.374/gcc/dev/atmega32a/avr5/crtatmega32a.o
                0x00000054                __init
 *(.init0)
 *(.init1)
 *(.init1)
 *(.init2)
 .init2         0x00000054        0xc C:/Program Files (x86)/Atmel/Studio/7.0/Packs/atmel/ATmega_DFP/1.7.374/gcc/dev/atmega32a/avr5/crtatmega32a.o
 *(.init2)
 *(.init3)
 *(.init3)
 *(.init4)
 .init4         0x00000060       0x16 c:/program files (x86)/atmel/studio/7.0/toolchain/avr8/avr8-gnu-toolchain/bin/../lib/gcc/avr/5.4.0/avr5\libgcc.a(_copy_data.o)
                0x00000060                __do_copy_data
 .init4         0x00000076       0x10 c:/program files (x86)/atmel/studio/7.0/toolchain/avr8/avr8-gnu-toolchain/bin/../lib/gcc/avr/5.4.0/avr5\libgcc.a(_clear_bss.o)
                0x00000076                __do_clear_bss
 *(.init4)
 *(.init5)
 *(.init5)
 *(.init6)
 *(.init6)
 *(.init7)
 *(.init7)
 *(.init8)
 *(.init8)
 *(.init9)
 .init9         0x00000086        0x8 C:/Program Files (x86)/Atmel/Studio/7.0/Packs/atmel/ATmega_DFP/1.7.374/gcc/dev/atmega32a/avr5/crtatmega32a.o
 *(.init9)
 *(.text)
 .text          0x0000008e        0x4 C:/Program Files (x86)/Atmel/Studio/7.0/Packs/atmel/ATmega_DFP/1.7.374/gcc/dev/atmega32a/avr5/crtatmega32a.o
                0x0000008e                __vector_1
                0x0000008e                __vector_12
                0x0000008e                __bad_interrupt
                0x0000008e                __vector_6
                0x0000008e                __vector_3
                0x0000008e                __vector_11
                0x0000008e                __vector_13
                0x0000008e                __vector_17
                0x0000008e                __vector_19
                0x0000008e                __vector_7
                0x0000008e                __vector_5
                0x0000008e                __vector_4
                0x0000008e                __vector_9
                0x0000008e                __vector_2
                0x0000008e                __vector_15
                0x0000008e                __vector_8
                0x0000008e                __vector_14
                0x0000008e                __vector_10
                0x0000008e                __vector_16
                0x0000008e                __vector_18
                0x0000008e                __vector_20
                0x00000092                . = ALIGN (0x2)
 *(.text.*)
 .text.prvCheckPendingReadyList
                0x00000092       0x6c FreeRTOS/Source/croutine.o
 .text.prvCheckDelayedList
                0x000000fe      0x106 FreeRTOS/Source/croutine.o
 .text.vCoRoutineSchedule
                0x00000204       0xb0 FreeRTOS/Source/croutine.o
                0x00000204                vCoRoutineSchedule
 .text.vApplicationIdleHook
                0x000002b4        0x6 FreeRTOS/Source/croutine.o
                0x000002b4                vApplicationIdleHook
 .text.vListInitialise
                0x000002ba       0x1c FreeRTOS/Source/list.o
                0x000002ba                vListInitialise
 .text.vListInitialiseItem
                0x000002d6        0x8 FreeRTOS/Source/list.o
                0x000002d6                vListInitialiseItem
 .text.vListInsertEnd
                0x000002de       0x42 FreeRTOS/Source/list.o
                0x000002de                vListInsertEnd
 .text.vListInsert
                0x00000320       0x62 FreeRTOS/Source/list.o
                0x00000320                vListInsert
 .text.uxListRemove
                0x00000382       0x4e FreeRTOS/Source/list.o
                0x00000382                uxListRemove
 .text.prvSetupTimerInterrupt
                0x000003d0       0x12 FreeRTOS/Source/portable/GCC/ATMega323/port.o
 .text.pxPortInitialiseStack
                0x000003e2       0xd8 FreeRTOS/Source/portable/GCC/ATMega323/port.o
                0x000003e2                pxPortInitialiseStack
 .text.xPortStartScheduler
                0x000004ba       0x5e FreeRTOS/Source/portable/GCC/ATMega323/port.o
                0x000004ba                xPortStartScheduler
 .text.vPortYield
                0x00000518       0xb2 FreeRTOS/Source/portable/GCC/ATMega323/port.o
                0x00000518                vPortYield
 .text.prvHeapInit
                0x000005ca       0x52 FreeRTOS/Source/portable/MemMang/heap_4.o
 .text.prvInsertBlockIntoFreeList
                0x0000061c       0x94 FreeRTOS/Source/portable/MemMang/heap_4.o
 .text.pvPortMalloc
                0x000006b0      0x12c FreeRTOS/Source/portable/MemMang/heap_4.o
                0x000006b0                pvPortMalloc
 .text.vPortFree
                0x000007dc       0x6a FreeRTOS/Source/portable/MemMang/heap_4.o
                0x000007dc                vPortFree
 .text.prvIsQueueFull
                0x00000846       0x1c FreeRTOS/Source/queue.o
 .text.prvCopyDataToQueue
                0x00000862       0xbe FreeRTOS/Source/queue.o
 .text.prvUnlockQueue
                0x00000920       0x68 FreeRTOS/Source/queue.o
 .text.xQueueGenericReset
                0x00000988       0x8c FreeRTOS/Source/queue.o
                0x00000988                xQueueGenericReset
 .text.prvInitialiseNewQueue
                0x00000a14       0x26 FreeRTOS/Source/queue.o
 .text.xQueueGenericCreate
                0x00000a3a       0x54 FreeRTOS/Source/queue.o
                0x00000a3a                xQueueGenericCreate
 .text.xQueueGenericSend
                0x00000a8e      0x124 FreeRTOS/Source/queue.o
                0x00000a8e                xQueueGenericSend
 .text.prvInitialiseMutex
                0x00000bb2       0x20 FreeRTOS/Source/queue.o
 .text.xQueueCreateMutex
                0x00000bd2       0x1c FreeRTOS/Source/queue.o
                0x00000bd2                xQueueCreateMutex
 .text.prvResetNextTaskUnblockTime
                0x00000bee       0x3e FreeRTOS/Source/tasks.o
 .text.prvDeleteTCB
                0x00000c2c       0x1a FreeRTOS/Source/tasks.o
 .text.prvInitialiseNewTask
                0x00000c46       0xd8 FreeRTOS/Source/tasks.o
 .text.prvInitialiseTaskLists
                0x00000d1e       0x66 FreeRTOS/Source/tasks.o
 .text.prvAddNewTaskToReadyList
                0x00000d84       0xb8 FreeRTOS/Source/tasks.o
 .text.prvCheckTasksWaitingTermination
                0x00000e3c       0x4c FreeRTOS/Source/tasks.o
 .text.prvAddCurrentTaskToDelayedList
                0x00000e88       0x88 FreeRTOS/Source/tasks.o
 .text.prvIdleTask
                0x00000f10       0x16 FreeRTOS/Source/tasks.o
 .text.xTaskCreate
                0x00000f26       0xa8 FreeRTOS/Source/tasks.o
                0x00000f26                xTaskCreate
 .text.vTaskStartScheduler
                0x00000fce       0x54 FreeRTOS/Source/tasks.o
                0x00000fce                vTaskStartScheduler
 .text.vTaskSuspendAll
                0x00001022        0xc FreeRTOS/Source/tasks.o
                0x00001022                vTaskSuspendAll
 .text.xTaskGetTickCount
                0x0000102e       0x14 FreeRTOS/Source/tasks.o
                0x0000102e                xTaskGetTickCount
 .text.xTaskIncrementTick
                0x00001042      0x174 FreeRTOS/Source/tasks.o
                0x00001042                xTaskIncrementTick
 .text.xTaskResumeAll
                0x000011b6       0xe4 FreeRTOS/Source/tasks.o
                0x000011b6                xTaskResumeAll
 .text.vTaskDelay
                0x0000129a       0x2c FreeRTOS/Source/tasks.o
                0x0000129a                vTaskDelay
 .text.vTaskSwitchContext
                0x000012c6       0xa8 FreeRTOS/Source/tasks.o
                0x000012c6                vTaskSwitchContext
 .text.vTaskPlaceOnEventList
                0x0000136e       0x24 FreeRTOS/Source/tasks.o
                0x0000136e                vTaskPlaceOnEventList
 .text.xTaskRemoveFromEventList
                0x00001392       0x90 FreeRTOS/Source/tasks.o
                0x00001392                xTaskRemoveFromEventList
 .text.vTaskInternalSetTimeOutState
                0x00001422       0x16 FreeRTOS/Source/tasks.o
                0x00001422                vTaskInternalSetTimeOutState
 .text.xTaskCheckForTimeOut
                0x00001438       0x5e FreeRTOS/Source/tasks.o
                0x00001438                xTaskCheckForTimeOut
 .text.vTaskMissedYield
                0x00001496        0x8 FreeRTOS/Source/tasks.o
                0x00001496                vTaskMissedYield
 .text.xTaskPriorityDisinherit
                0x0000149e       0x80 FreeRTOS/Source/tasks.o
                0x0000149e                xTaskPriorityDisinherit
 .text.setupMotor
                0x0000151e       0x18 main.o
                0x0000151e                setupMotor
 .text.setupADC
                0x00001536       0x14 main.o
                0x00001536                setupADC
 .text.readTrimpot
                0x0000154a       0x16 main.o
                0x0000154a                readTrimpot
 .text.motorControlTask
                0x00001560       0x40 main.o
                0x00001560                motorControlTask
 .text.main     0x000015a0       0x46 main.o
                0x000015a0                main
 .text.libgcc.div
                0x000015e6       0x28 c:/program files (x86)/atmel/studio/7.0/toolchain/avr8/avr8-gnu-toolchain/bin/../lib/gcc/avr/5.4.0/avr5\libgcc.a(_udivmodhi4.o)
                0x000015e6                __udivmodhi4
 .text.libgcc.div
                0x0000160e       0x28 c:/program files (x86)/atmel/studio/7.0/toolchain/avr8/avr8-gnu-toolchain/bin/../lib/gcc/avr/5.4.0/avr5\libgcc.a(_divmodhi4.o)
                0x0000160e                _div
                0x0000160e                __divmodhi4
 .text.avr-libc
                0x00001636       0x12 c:/program files (x86)/atmel/studio/7.0/toolchain/avr8/avr8-gnu-toolchain/bin/../lib/gcc/avr/5.4.0/../../../../avr/lib/avr5\libc.a(memcpy.o)
                0x00001636                memcpy
                0x00001648                . = ALIGN (0x2)
 *(.fini9)
 .fini9         0x00001648        0x0 c:/program files (x86)/atmel/studio/7.0/toolchain/avr8/avr8-gnu-toolchain/bin/../lib/gcc/avr/5.4.0/avr5\libgcc.a(_exit.o)
                0x00001648                _exit
                0x00001648                exit
 *(.fini9)
 *(.fini8)
 *(.fini8)
 *(.fini7)
 *(.fini7)
 *(.fini6)
 *(.fini6)
 *(.fini5)
 *(.fini5)
 *(.fini4)
 *(.fini4)
 *(.fini3)
 *(.fini3)
 *(.fini2)
 *(.fini2)
 *(.fini1)
 *(.fini1)
 *(.fini0)
 .fini0         0x00001648        0x4 c:/program files (x86)/atmel/studio/7.0/toolchain/avr8/avr8-gnu-toolchain/bin/../lib/gcc/avr/5.4.0/avr5\libgcc.a(_exit.o)
 *(.fini0)
                0x0000164c                _etext = .

.data           0x00800060       0x12 load address 0x0000164c
                0x00800060                PROVIDE (__data_start, .)
 *(.data)
 *(.data*)
 *(.gnu.linkonce.d*)
 *(.rodata)
 *(.rodata*)
 .rodata.str1.1
                0x00800060        0x5 FreeRTOS/Source/tasks.o
 .rodata.str1.1
                0x00800065        0xd main.o
 *(.gnu.linkonce.r*)
                0x00800072                . = ALIGN (0x2)
                0x00800072                _edata = .
                0x00800072                PROVIDE (__data_end, .)

.bss            0x00800072      0x670
                0x00800072                PROVIDE (__bss_start, .)
 *(.bss)
 *(.bss*)
 .bss.xPassedTicks
                0x00800072        0x2 FreeRTOS/Source/croutine.o
 .bss.xLastTickCount
                0x00800074        0x2 FreeRTOS/Source/croutine.o
 .bss.xCoRoutineTickCount
                0x00800076        0x2 FreeRTOS/Source/croutine.o
 .bss.uxTopCoRoutineReadyPriority
                0x00800078        0x1 FreeRTOS/Source/croutine.o
 .bss.pxCurrentCoRoutine
                0x00800079        0x2 FreeRTOS/Source/croutine.o
                0x00800079                pxCurrentCoRoutine
 .bss.xPendingReadyCoRoutineList
                0x0080007b        0x9 FreeRTOS/Source/croutine.o
 .bss.pxOverflowDelayedCoRoutineList
                0x00800084        0x2 FreeRTOS/Source/croutine.o
 .bss.pxDelayedCoRoutineList
                0x00800086        0x2 FreeRTOS/Source/croutine.o
 .bss.pxReadyCoRoutineLists
                0x00800088       0x12 FreeRTOS/Source/croutine.o
 .bss.xBlockAllocatedBit
                0x0080009a        0x2 FreeRTOS/Source/portable/MemMang/heap_4.o
 .bss.xMinimumEverFreeBytesRemaining
                0x0080009c        0x2 FreeRTOS/Source/portable/MemMang/heap_4.o
 .bss.xFreeBytesRemaining
                0x0080009e        0x2 FreeRTOS/Source/portable/MemMang/heap_4.o
 .bss.pxEnd     0x008000a0        0x2 FreeRTOS/Source/portable/MemMang/heap_4.o
 .bss.xStart    0x008000a2        0x4 FreeRTOS/Source/portable/MemMang/heap_4.o
 .bss.ucHeap    0x008000a6      0x5dc FreeRTOS/Source/portable/MemMang/heap_4.o
 .bss.uxSchedulerSuspended
                0x00800682        0x1 FreeRTOS/Source/tasks.o
 .bss.xIdleTaskHandle
                0x00800683        0x2 FreeRTOS/Source/tasks.o
 .bss.xNextTaskUnblockTime
                0x00800685        0x2 FreeRTOS/Source/tasks.o
 .bss.uxTaskNumber
                0x00800687        0x1 FreeRTOS/Source/tasks.o
 .bss.xNumOfOverflows
                0x00800688        0x1 FreeRTOS/Source/tasks.o
 .bss.xYieldPending
                0x00800689        0x1 FreeRTOS/Source/tasks.o
 .bss.uxPendedTicks
                0x0080068a        0x1 FreeRTOS/Source/tasks.o
 .bss.xSchedulerRunning
                0x0080068b        0x1 FreeRTOS/Source/tasks.o
 .bss.uxTopReadyPriority
                0x0080068c        0x1 FreeRTOS/Source/tasks.o
 .bss.xTickCount
                0x0080068d        0x2 FreeRTOS/Source/tasks.o
 .bss.uxCurrentNumberOfTasks
                0x0080068f        0x1 FreeRTOS/Source/tasks.o
 .bss.uxDeletedTasksWaitingCleanUp
                0x00800690        0x1 FreeRTOS/Source/tasks.o
 .bss.xTasksWaitingTermination
                0x00800691        0x9 FreeRTOS/Source/tasks.o
 .bss.xPendingReadyList
                0x0080069a        0x9 FreeRTOS/Source/tasks.o
 .bss.pxOverflowDelayedTaskList
                0x008006a3        0x2 FreeRTOS/Source/tasks.o
 .bss.pxDelayedTaskList
                0x008006a5        0x2 FreeRTOS/Source/tasks.o
 .bss.xDelayedTaskList2
                0x008006a7        0x9 FreeRTOS/Source/tasks.o
 .bss.xDelayedTaskList1
                0x008006b0        0x9 FreeRTOS/Source/tasks.o
 .bss.pxReadyTasksLists
                0x008006b9       0x24 FreeRTOS/Source/tasks.o
 .bss.pxCurrentTCB
                0x008006dd        0x2 FreeRTOS/Source/tasks.o
                0x008006dd                pxCurrentTCB
 .bss.desiredSpeed
                0x008006df        0x1 main.o
                0x008006df                desiredSpeed
 *(COMMON)
 COMMON         0x008006e0        0x2 main.o
                0x008006e0                speedSemaphore
                0x008006e2                PROVIDE (__bss_end, .)
                0x0000164c                __data_load_start = LOADADDR (.data)
                0x0000165e                __data_load_end = (__data_load_start + SIZEOF (.data))

.noinit         0x008006e2        0x0
                [!provide]                PROVIDE (__noinit_start, .)
 *(.noinit*)
                [!provide]                PROVIDE (__noinit_end, .)
                0x008006e2                _end = .
                [!provide]                PROVIDE (__heap_start, .)

.eeprom         0x00810000        0x0
 *(.eeprom*)
                0x00810000                __eeprom_end = .

.fuse
 *(.fuse)
 *(.lfuse)
 *(.hfuse)
 *(.efuse)

.lock
 *(.lock*)

.signature
 *(.signature*)

.user_signatures
 *(.user_signatures*)

.stab
 *(.stab)

.stabstr
 *(.stabstr)

.stab.excl
 *(.stab.excl)

.stab.exclstr
 *(.stab.exclstr)

.stab.index
 *(.stab.index)

.stab.indexstr
 *(.stab.indexstr)

.comment        0x00000000       0x30
 *(.comment)
 .comment       0x00000000       0x30 FreeRTOS/Source/croutine.o
                                 0x31 (size before relaxing)
 .comment       0x00000030       0x31 FreeRTOS/Source/list.o
 .comment       0x00000030       0x31 FreeRTOS/Source/portable/GCC/ATMega323/port.o
 .comment       0x00000030       0x31 FreeRTOS/Source/portable/MemMang/heap_4.o
 .comment       0x00000030       0x31 FreeRTOS/Source/queue.o
 .comment       0x00000030       0x31 FreeRTOS/Source/tasks.o
 .comment       0x00000030       0x31 main.o

.note.gnu.avr.deviceinfo
                0x00000000       0x3c
 .note.gnu.avr.deviceinfo
                0x00000000       0x3c C:/Program Files (x86)/Atmel/Studio/7.0/Packs/atmel/ATmega_DFP/1.7.374/gcc/dev/atmega32a/avr5/crtatmega32a.o

.note.gnu.build-id
 *(.note.gnu.build-id)

.debug
 *(.debug)

.line
 *(.line)

.debug_srcinfo
 *(.debug_srcinfo)

.debug_sfnames
 *(.debug_sfnames)

.debug_aranges  0x00000000      0x3e0
 *(.debug_aranges)
 .debug_aranges
                0x00000000       0x58 FreeRTOS/Source/croutine.o
 .debug_aranges
                0x00000058       0x40 FreeRTOS/Source/list.o
 .debug_aranges
                0x00000098       0x50 FreeRTOS/Source/portable/GCC/ATMega323/port.o
 .debug_aranges
                0x000000e8       0x50 FreeRTOS/Source/portable/MemMang/heap_4.o
 .debug_aranges
                0x00000138      0x100 FreeRTOS/Source/queue.o
 .debug_aranges
                0x00000238      0x168 FreeRTOS/Source/tasks.o
 .debug_aranges
                0x000003a0       0x40 main.o

.debug_pubnames
 *(.debug_pubnames)

.debug_info     0x00000000     0x4a63
 *(.debug_info .gnu.linkonce.wi.*)
 .debug_info    0x00000000      0x4e6 C:/Program Files (x86)/Atmel/Studio/7.0/Packs/atmel/ATmega_DFP/1.7.374/gcc/dev/atmega32a/avr5/crtatmega32a.o
 .debug_info    0x000004e6      0x752 FreeRTOS/Source/croutine.o
 .debug_info    0x00000c38      0x2d8 FreeRTOS/Source/list.o
 .debug_info    0x00000f10      0x24e FreeRTOS/Source/portable/GCC/ATMega323/port.o
 .debug_info    0x0000115e      0x380 FreeRTOS/Source/portable/MemMang/heap_4.o
 .debug_info    0x000014de     0x1904 FreeRTOS/Source/queue.o
 .debug_info    0x00002de2     0x1a27 FreeRTOS/Source/tasks.o
 .debug_info    0x00004809      0x25a main.o

.debug_abbrev   0x00000000     0x1129
 *(.debug_abbrev)
 .debug_abbrev  0x00000000      0x4a3 C:/Program Files (x86)/Atmel/Studio/7.0/Packs/atmel/ATmega_DFP/1.7.374/gcc/dev/atmega32a/avr5/crtatmega32a.o
 .debug_abbrev  0x000004a3      0x21f FreeRTOS/Source/croutine.o
 .debug_abbrev  0x000006c2       0xff FreeRTOS/Source/list.o
 .debug_abbrev  0x000007c1      0x143 FreeRTOS/Source/portable/GCC/ATMega323/port.o
 .debug_abbrev  0x00000904      0x1e4 FreeRTOS/Source/portable/MemMang/heap_4.o
 .debug_abbrev  0x00000ae8      0x252 FreeRTOS/Source/queue.o
 .debug_abbrev  0x00000d3a      0x2b6 FreeRTOS/Source/tasks.o
 .debug_abbrev  0x00000ff0      0x139 main.o

.debug_line     0x00000000     0x2c7f
 *(.debug_line .debug_line.* .debug_line_end)
 .debug_line    0x00000000      0x116 C:/Program Files (x86)/Atmel/Studio/7.0/Packs/atmel/ATmega_DFP/1.7.374/gcc/dev/atmega32a/avr5/crtatmega32a.o
 .debug_line    0x00000116      0x40f FreeRTOS/Source/croutine.o
 .debug_line    0x00000525      0x222 FreeRTOS/Source/list.o
 .debug_line    0x00000747      0x2dd FreeRTOS/Source/portable/GCC/ATMega323/port.o
 .debug_line    0x00000a24      0x364 FreeRTOS/Source/portable/MemMang/heap_4.o
 .debug_line    0x00000d88      0xd2a FreeRTOS/Source/queue.o
 .debug_line    0x00001ab2      0xfe3 FreeRTOS/Source/tasks.o
 .debug_line    0x00002a95      0x1ea main.o

.debug_frame    0x00000000      0xc54
 *(.debug_frame)
 .debug_frame   0x00000000      0x110 FreeRTOS/Source/croutine.o
 .debug_frame   0x00000110       0x88 FreeRTOS/Source/list.o
 .debug_frame   0x00000198       0x84 FreeRTOS/Source/portable/GCC/ATMega323/port.o
 .debug_frame   0x0000021c       0xc4 FreeRTOS/Source/portable/MemMang/heap_4.o
 .debug_frame   0x000002e0      0x3b4 FreeRTOS/Source/queue.o
 .debug_frame   0x00000694      0x54c FreeRTOS/Source/tasks.o
 .debug_frame   0x00000be0       0x74 main.o

.debug_str      0x00000000     0x1872
 *(.debug_str)
 .debug_str     0x00000000      0x196 C:/Program Files (x86)/Atmel/Studio/7.0/Packs/atmel/ATmega_DFP/1.7.374/gcc/dev/atmega32a/avr5/crtatmega32a.o
 .debug_str     0x00000196      0x521 FreeRTOS/Source/croutine.o
                                0x587 (size before relaxing)
 .debug_str     0x000006b7       0x62 FreeRTOS/Source/list.o
                                0x2e7 (size before relaxing)
 .debug_str     0x00000719      0x158 FreeRTOS/Source/portable/GCC/ATMega323/port.o
                                0x301 (size before relaxing)
 .debug_str     0x00000871      0x1f9 FreeRTOS/Source/portable/MemMang/heap_4.o
                                0x3a3 (size before relaxing)
 .debug_str     0x00000a6a      0x636 FreeRTOS/Source/queue.o
                                0x95b (size before relaxing)
 .debug_str     0x000010a0      0x755 FreeRTOS/Source/tasks.o
                                0xce3 (size before relaxing)
 .debug_str     0x000017f5       0x7d main.o
                                0x28b (size before relaxing)

.debug_loc      0x00000000     0x47dc
 *(.debug_loc)
 .debug_loc     0x00000000      0x3f0 FreeRTOS/Source/croutine.o
 .debug_loc     0x000003f0      0x145 FreeRTOS/Source/list.o
 .debug_loc     0x00000535      0x2a0 FreeRTOS/Source/portable/GCC/ATMega323/port.o
 .debug_loc     0x000007d5      0x2ee FreeRTOS/Source/portable/MemMang/heap_4.o
 .debug_loc     0x00000ac3     0x1f75 FreeRTOS/Source/queue.o
 .debug_loc     0x00002a38     0x1d40 FreeRTOS/Source/tasks.o
 .debug_loc     0x00004778       0x64 main.o

.debug_macinfo
 *(.debug_macinfo)

.debug_weaknames
 *(.debug_weaknames)

.debug_funcnames
 *(.debug_funcnames)

.debug_typenames
 *(.debug_typenames)

.debug_varnames
 *(.debug_varnames)

.debug_pubtypes
 *(.debug_pubtypes)

.debug_ranges   0x00000000      0x3f8
 *(.debug_ranges)
 .debug_ranges  0x00000000       0x48 FreeRTOS/Source/croutine.o
 .debug_ranges  0x00000048       0x30 FreeRTOS/Source/list.o
 .debug_ranges  0x00000078       0x40 FreeRTOS/Source/portable/GCC/ATMega323/port.o
 .debug_ranges  0x000000b8       0x40 FreeRTOS/Source/portable/MemMang/heap_4.o
 .debug_ranges  0x000000f8      0x138 FreeRTOS/Source/queue.o
 .debug_ranges  0x00000230      0x198 FreeRTOS/Source/tasks.o
 .debug_ranges  0x000003c8       0x30 main.o

.debug_macro
 *(.debug_macro)
OUTPUT(DC_Motor_Control_RTOS.elf elf32-avr)
LOAD linker stubs
